// Jest Snapshot v1, https://goo.gl/fbAQLP

exports[`Page - Index [DEFAULT] matches the fully rendered snapshot 1`] = `
<div>
  You're signed in as 
  Baa
   and you're 
  Healthy
  . Go to the
   
  <a
    href="/about"
    onClick={[Function]}
    onMouseEnter={[Function]}
  >
    about
  </a>
   
  page.
  <div>
    <input
      onChange={[Function]}
      placeholder="your new name..."
      type="text"
    />
    <input
      onClick={[Function]}
      type="button"
      value="change"
    />
  </div>
</div>
`;

exports[`Page - Index [DEFAULT] matches the initially rendered snapshot 1`] = `
<div>
  You're signed in as 
  Baa
   and you're 
  Healthy
  . Go to the
   
  <a
    href="/about"
    onClick={[Function]}
    onMouseEnter={[Function]}
  >
    about
  </a>
   
  page.
  <div>
    <input
      onChange={[Function]}
      placeholder="your new name..."
      type="text"
    />
    <input
      onClick={[Function]}
      type="button"
      value="change"
    />
  </div>
</div>
`;
